   Compiling loom v0.1.0 (C:\workspace\PragmaWorks\loom)
error: unexpected closing delimiter: `}`
    --> src\codegen\rust.rs:1487:1
     |
 555 |     fn emit_being(&self, being: &BeingDef) -> String {
     |                                                      - this delimiter might not be properly closed...
...
 783 |         }
     |         - ...as it matches this but it has different indentation
...
1487 | }
     | ^ unexpected closing delimiter

error: could not compile `loom` (lib) due to 1 previous error
